az,2,2
bi,2,2
auto,5,277
lego,3,2
maids,7,27
sagar,6,20
shoprite,2,38
shankar,2,27
az fresh,2,5
myntra,3,12
ajio,3,3
pancake,1,2
vasavi thaddinam,4,2
brahmins,1,2
babai pan,9,2
pizza,1,24
swiggy,1,35
veggies srite,2,5
blinkit,2,96
az citric caustic,3,2
petrol,5,66
zepto,2,136
utk,1,2
funcity,4,6
lulu,2,27
sw breakfast,1,2
icecream,1,3
parking,5,42
saree plus,3,2
blouse pieces,3,2
festival expenses,4,5
vadibeyam samanlu,2,2
food,1,22
adi temple,4,2
athitya,1,2
veggies,2,43
gas,7,23
threptin,2,2
bday cake,1,2
pizza advance,1,2
light,2,2
birth day decor and return gifts,3,5
stationary,3,9
pencils,3,2
vr game,4,2
dmart,2,2
cake,1,10
samosa,1,2
cutting,4,2
vasavi,2,3
urben clap,4,9
instant mix,2,2
doctor,6,17
shorts,3,2
doctor dressing,6,2
megha,2,2
driver,5,2
meghana,1,2
crackers,3,2
bda,4,25
cane juice,1,2
auto cab,5,7
youmee,1,9
mcd,1,7
temple,4,24
amazon,2,12
bb,2,37
cab,5,17
ishta,1,3
parlor,4,3
ice cream,1,3
blink it,2,18
car cleaning,7,3
onemg,6,3
pizzahut,1,10
movie,4,9
homecentre,3,3
kishen food,1,3
frozen,1,3
myntra vihaan,3,3
urbanclap,4,7
bda med,6,3
office,4,7
kumaran,8,3
zepta,2,3
namadari grocery,2,3
tiffin,1,7
third wave,1,3
xerox,0,3
bus,5,7
bms,4,3
nacho,1,3
maid,7,4
movie ticket,4,2
medicine,6,19
nithin,1,3
krishna grand food,1,3
files,8,7
big basket,2,27
electrician,0,7
photo,0,3
visa,4,3
food anand,1,3
school dress,8,3
swiggy snacks,1,3
swiggy meghana,1,10
plumber,0,15
myntra gt jacket,3,3
parlour,4,10
insurance,7,2
sagar blood,6,3
brahmins idly,1,3
visa delivery,4,3
smoor,1,10
namdhaari,2,4
burrito,1,19
orion chilis,1,3
go course,8,3
pindi machine,2,3
stationery,3,3
medplus,6,9
subway,1,3
amintiri,1,3
hyatt points,4,2
donation,9,2
wraffel,1,3
masks,3,3
shetty lunch,1,3
coffee,1,3
toll parking,5,3
foodcourt,1,7
idly,1,16
fun city,4,3
mcd frozen,1,3
gopalan,1,3
burgerking,1,3
corn goli,1,3
leena,1,3
vihaan cloths,3,3
lulu grocery,2,3
mangomist,4,5
amazon chocolate,2,3
akka,0,2
openhouse,8,0
medical test,6,3
train,5,5
mysore petrol,5,5
mysore palace,4,5
sukhvana,4,5
jalpaan,1,5
saswamrutham,6,5
coconut,1,12
tata play,7,1
act broadband,7,5
school fees,8,1
bigbasket,2,33
namadari food,1,5
sankranti veggies shoprite,2,11
blouse piece,3,11
sagar lab,6,5
mobile recharge,7,1
panipuri,1,5
house of common mtr,1,5
medicines,6,11
masala puri,1,5
la pinos,1,5
amazon color mythri,8,5
fruits,2,12
taco,1,5
uber,5,6
prayag annual day,4,5
namadhaari,2,5
azorte vihaan shirts,3,5
car cleaner,7,5
swiggy icecream,1,11
airtel,7,5
instamart,2,5
haircut,4,5
pan cake,1,6
tol,5,6
amudham,1,8
airport parking,5,13
toll,5,13
hair oil,2,6
shofr taxi,4,6
juice,1,6
raymond bava,3,6
fatafat,4,6
benne dosa,1,6
anand,1,6
uiic parents,7,0
uiic family,7,0
act,7,6
dakshintindi,1,6
cross world,3,13
honda car service,4,0
milano,1,6
pump house,1,6
naamdhaari,1,6
kumbakonam coffee,2,6
bfast,1,6
royal mart,2,13
atithi,1,6
swiggy insta,2,6
dakshin thindi,1,6
swiggy food,1,6
passport,4,6
files and vasavi,2,6
eye brow pencil,3,6
car wash,4,6
grocery,2,6
groceries,2,13
amazon bed bug,2,6
swiggy instamart,2,6
swiggy rasmalai,1,6
whole truth,2,6
shampoo,2,6
wood medicine,2,6
flowers,2,6
az paan,2,6
ikea metro,5,6
ikea,3,6
ikea food,1,6
breakfast cricket,1,6
thatte idly,1,6
veggies and shoprite,2,13
breakfast,1,6
blr kumarans,1,6
annually uiic parents,7,5
annually uiic family,7,5
annually honda car service,4,5
annually insurance,7,0
annually hyatt points,4,0
annually donation,9,0
annually mangomist,5,1
annually akka,9,0
annually openhouse,8,0
annually tata play,7,3
annually school fees,8,3
annually mobile recharge,7,3
annually medical test,6,1
kumaranss outing annually,8,0
ironing,4,0
myt tea,1,0
bike petrol,5,0
deeprooted,2,1
music museum,4,0
anand waffle,1,0
bedbugs,4,1
myntra night pant,3,0
amazon paan pillow,3,1
bda blinkit,2,0
amazon wipes kajal,3,0
ramraj kurnool,3,0
sindhu blouse,3,0
tirupati petrol,5,0
tirupati food,1,0
tirupati kanipakam,4,0
keyboard,3,0
deeproot,2,0
shorite zepto,2,1
food swiggy,1,0
recharge,7,0
naamdhari,3,0
visa annually,4,0
body wash,2,0
glen bakery,1,0
venezia,1,0
tpty,4,0
