az,2,0
bi,2,0
auto,5,30
lego,3,0
maids,7,1
sagar,6,1
shoprite,2,4
shankar,2,1
az fresh,2,1
myntra,3,1
ajio,3,0
pancake,1,0
vasavi thaddinam,4,0
brahmins,1,0
babai pan,9,0
pizza,1,2
swiggy,1,5
veggies srite,2,1
blinkit,2,4
az citric caustic,3,0
petrol,5,2
zepto,2,14
utk,1,0
funcity,4,1
lulu,2,1
sw breakfast,1,0
icecream,1,0
parking,5,0
saree plus,3,0
blouse pieces,3,0
festival expenses,4,1
vadibeyam samanlu,2,0
food,1,1
adi temple,4,0
athitya,1,0
veggies,2,1
gas,7,1
threptin,2,0
bday cake,1,0
pizza advance,1,0
light,2,0
birth day decor and return gifts,3,1
stationary,3,0
pencils,3,0
vr game,4,0
dmart,2,0
cake,1,1
samosa,1,0
cutting,4,0
vasavi,2,0
urben clap,4,0
instant mix,2,0
doctor,6,4
shorts,3,0
doctor dressing,6,0
megha,2,0
driver,5,0
meghana,1,0
crackers,3,0
bda,4,0
cane juice,1,0
auto cab,5,1
youmee,1,0
mcd,1,0
temple,4,2
amazon,2,0
bb,2,4
cab,5,2
ishta,1,0
parlor,4,0
ice cream,1,0
blink it,2,0
car cleaning,7,0
onemg,6,0
pizzahut,1,0
movie,4,0
homecentre,3,0
kishen food,1,0
frozen,1,0
myntra vihaan,3,0
urbanclap,4,1
bda med,6,0
office,4,1
kumaran,8,0
zepta,2,0
namadari grocery,2,0
tiffin,1,1
third wave,1,0
xerox,0,0
bus,5,0
bms,4,0
nacho,1,0
maid,7,0
