az,2,2
bi,2,2
auto,5,112
lego,3,2
maids,7,7
sagar,6,5
shoprite,2,24
shankar,2,9
az fresh,2,5
myntra,3,7
ajio,3,2
pancake,1,2
vasavi thaddinam,4,2
brahmins,1,2
babai pan,9,2
pizza,1,10
swiggy,1,17
veggies srite,2,5
blinkit,2,14
az citric caustic,3,2
petrol,5,12
zepto,2,70
utk,1,2
funcity,4,5
lulu,2,9
sw breakfast,1,2
icecream,1,2
parking,5,6
saree plus,3,2
blouse pieces,3,2
festival expenses,4,5
vadibeyam samanlu,2,2
food,1,7
adi temple,4,2
athitya,1,2
veggies,2,9
gas,7,7
threptin,2,2
bday cake,1,2
pizza advance,1,2
light,2,2
birth day decor and return gifts,3,5
stationary,3,2
pencils,3,2
vr game,4,2
dmart,2,2
cake,1,7
samosa,1,2
cutting,4,2
vasavi,2,2
urben clap,4,2
instant mix,2,2
doctor,6,14
shorts,3,2
doctor dressing,6,2
megha,2,2
driver,5,2
meghana,1,2
crackers,3,2
bda,4,10
cane juice,1,2
auto cab,5,5
youmee,1,2
mcd,1,4
temple,4,14
amazon,2,2
bb,2,16
cab,5,8
ishta,1,2
parlor,4,2
ice cream,1,2
blink it,2,6
car cleaning,7,2
onemg,6,2
pizzahut,1,2
movie,4,2
homecentre,3,2
kishen food,1,2
frozen,1,2
myntra vihaan,3,2
urbanclap,4,5
bda med,6,2
office,4,5
kumaran,8,2
zepta,2,2
namadari grocery,2,2
tiffin,1,5
third wave,1,2
xerox,0,2
bus,5,4
bms,4,2
nacho,1,2
maid,7,2
movie ticket,4,1
medicine,6,3
nithin,1,1
krishna grand food,1,1
files,8,3
big basket,2,3
electrician,0,3
photo,0,1
visa,4,1
food anand,1,1
school dress,8,1
swiggy snacks,1,1
swiggy meghana,1,1
plumber,0,1
myntra gt jacket,3,1
parlour,4,1
insurance,7,1
sagar blood,6,1
brahmins idly,1,1
visa delivery,4,1
smoor,1,1
namdhaari,2,1
burrito,1,1
orion chilis,1,1
go course,8,1
pindi machine,2,1
stationery,3,1
medplus,6,3
subway,1,1
amintiri,1,1
hyatt points,4,1
donation,9,1
wraffel,1,1
masks,3,1
shetty lunch,1,1
coffee,1,1
toll parking,5,1
foodcourt,1,3
idly,1,1
fun city,4,1
mcd frozen,1,1
gopalan,1,1
burgerking,1,1
corn goli,1,1
leena,1,1
vihaan cloths,3,1
lulu grocery,2,1
mangomist,4,3
amazon chocolate,2,1
akka,0,1
